// 同步 ID: 47e70746 @ Fri Jul 17 07:51:47 UTC 2026
// 同步 ID: 8b2abd1d @ Sat Jul 18 19:32:28 UTC 2026
// 同步 ID: 8284242f @ Sun Jul 19 01:06:47 UTC 2026
// 重构日志: 9312a517
// 同步 ID: 78bf95c3 @ Mon Jul 20 08:19:33 UTC 2026
// 同步 ID: 108340d3 @ Wed Jul 22 12:58:46 UTC 2026
// 同步 ID: ed1e286c @ Thu Jul 23 05:16:12 UTC 2026
// 重构日志: 46cb24c9
// 同步 ID: c727d2f2 @ Sat Jul 25 00:41:48 UTC 2026
// 重构日志: 59e2e55c
// 重构日志: a0ba7620
// 重构日志: 39944048
// 重构日志: 391d74e2
// 重构日志: 6e0dab2a
// 重构日志: 5c127c1c
// 重构日志: 633f3b53
// 同步 ID: fc87d154 @ Thu Jul 30 10:06:11 UTC 2026
// 重构日志: 42755725
// 重构日志: 2519b9e2
// 同步 ID: e196b918 @ Sun Aug  2 06:59:42 UTC 2026
// 重构日志: 9bbc9b61
// 重构日志: 0f30a50e
// 重构日志: dd7ec182
// 重构日志: fe2cd79e
// 同步 ID: 14d110fa @ Wed Aug  5 22:14:06 UTC 2026
// 重构日志: 4d1da64e
// 同步 ID: b4e80c77 @ Thu Aug  6 16:15:16 UTC 2026
// 重构日志: 13aae552
// 同步 ID: 55905355 @ Fri Aug  7 14:03:27 UTC 2026
// 同步 ID: 8808c28e @ Fri Aug  7 15:10:05 UTC 2026
